<b>📄 CÔNG TRÌNH NGHIÊN CỨU HỌC THUẬT BÌNH DUYỆT:</b> 'Algorithms in the newsroom? News readers’ perceived credibility and selection of automated journalism'<br/><b>Tác giả & Xuất bản:</b> Anja Wölker et al. (2018) • <i>Journalism</i> (Newsroom & Workflow AI)<br/><br/>📌 <b>BỐI CẢNH & MỤC TIÊU NGHIÊN CỨU:</b><br/>Bài viết tập trung vào chủ đề đạo đức nghề báo, tính minh bạch thuật toán và trách nhiệm giải trình trong quy trình biên tập tự động. Mục tiêu trọng tâm của nhóm tác giả là làm sáng tỏ những mâu thuẫn đạo đức, thách thức trong việc duy trì chuẩn mực nghề báo và các rủi ro khi thuật toán ra quyết định thay cho con người.<br/><br/>🔬 <b>PHƯƠNG PHÁP LUẬN & DỮ LIỆU:</b><br/>Công trình triển khai thử nghiệm thực chứng (thực nghiệm có đối chứng), khảo sát định lượng quy mô mẫu thực tế nhằm bảo đảm tính khách quan và độ tin cậy khoa học của kết quả phân tích.<br/><br/>📊 <b>KẾT QUẢ THỰC NGHIỆM & PHÁT HIỆN CHÍNH:</b><br/>• Mức độ tin cậy của độc giả đối với tin tức tự động không có sự chênh lệch tiêu cực đáng kể so với tin tức truyền thống, trừ một số chuyên mục đặc thù.<br/> • Công nghệ tự động hóa nâng cao rõ rệt tốc độ xử lý dữ liệu và tiết giảm chi phí sản xuất tin tức trên quy mô lớn.<br/> • Mô hình kết hợp 'người làm báo giám sát máy móc' (Human-in-the-loop) mang lại hiệu quả vượt trội và bảo đảm an toàn thông tin cao nhất.<br/>💡 <b>ĐÓNG GÓP HỌC THUẬT & HƯỚNG BỎ NGỎ:</b><br/>Cung cấp hệ thống bằng chứng thực tế có giá trị cao, giúp các nhà nghiên cứu và cơ quan báo chí xây dựng quy trình ứng dụng AI có trách nhiệm, minh bạch và hiệu quả.